// Jest Snapshot v1, https://goo.gl/fbAQLP

exports[`<DiscountListener /> should not automatically apply the default discount code if it is disabled 1`] = `
Array [
  Array [
    "\\"DEFAULT_DISCOUNT_CODE\\" contains disabled discount code \\"DEFAULT\\"",
  ],
]
`;
