// Jest Snapshot v1, https://goo.gl/fbAQLP

exports[`<Image /> default loader route generation 1`] = `
<img
  alt="img"
  class="responsive-image___StyledStyledComponentsHelper-sc-jffgla-0"
  data-nimg="responsive"
  decoding="async"
  sizes="(min-width:768px) 33vw, (min-width:480px) 50vw, 100vw"
  src="/_next/image?url=%2Fexample%2Fimage.jpg&w=3840&q=75"
  srcset="/_next/image?url=%2Fexample%2Fimage.jpg&w=256&q=75 256w, /_next/image?url=%2Fexample%2Fimage.jpg&w=384&q=75 384w, /_next/image?url=%2Fexample%2Fimage.jpg&w=640&q=75 640w, /_next/image?url=%2Fexample%2Fimage.jpg&w=750&q=75 750w, /_next/image?url=%2Fexample%2Fimage.jpg&w=828&q=75 828w, /_next/image?url=%2Fexample%2Fimage.jpg&w=1080&q=75 1080w, /_next/image?url=%2Fexample%2Fimage.jpg&w=1200&q=75 1200w, /_next/image?url=%2Fexample%2Fimage.jpg&w=1920&q=75 1920w, /_next/image?url=%2Fexample%2Fimage.jpg&w=2048&q=75 2048w, /_next/image?url=%2Fexample%2Fimage.jpg&w=3840&q=75 3840w"
  style="position: absolute; top: 0px; left: 0px; bottom: 0px; right: 0px; box-sizing: border-box; padding: 0px; margin: auto; display: block; width: 0px; height: 0px; min-width: 100%; max-width: 100%; min-height: 100%; max-height: 100%;"
/>
`;
